// Jest Snapshot v1, https://goo.gl/fbAQLP

exports[`App should match snapshot 1`] = `
ShallowWrapper {
  "length": 1,
  Symbol(enzyme.__root__): [Circular],
  Symbol(enzyme.__unrendered__): <App />,
  Symbol(enzyme.__renderer__): Object {
    "batchedUpdates": [Function],
    "getNode": [Function],
    "render": [Function],
    "simulateEvent": [Function],
    "unmount": [Function],
  },
  Symbol(enzyme.__node__): Object {
    "instance": null,
    "key": undefined,
    "nodeType": "host",
    "props": Object {
      "children": <table
        className="ui selectable structured large table"
>
        <thead>
                <tr>
                        <th>
                                Items
                        </th>
                </tr>
        </thead>
        <tbody>
                
        </tbody>
        <tfoot>
                <tr>
                        <th>
                                <form
                                        className="ui form"
                                        onSubmit={[Function]}
                                >
                                        <div
                                                className="field"
                                        >
                                                <input
                                                        className="prompt"
                                                        onChange={[Function]}
                                                        placeholder="Add item..."
                                                        type="text"
                                                        value=""
                                                />
                                        </div>
                                        <button
                                                className="ui button"
                                                disabled={true}
                                                type="submit"
                                        >
                                                Add item
                                        </button>
                                </form>
                        </th>
                </tr>
        </tfoot>
</table>,
      "className": "ui text container",
      "id": "app",
    },
    "ref": null,
    "rendered": Object {
      "instance": null,
      "key": undefined,
      "nodeType": "host",
      "props": Object {
        "children": Array [
          <thead>
            <tr>
                        <th>
                                    Items
                        </th>
            </tr>
</thead>,
          <tbody>
            
</tbody>,
          <tfoot>
            <tr>
                        <th>
                                    <form
                                                className="ui form"
                                                onSubmit={[Function]}
                                    >
                                                <div
                                                            className="field"
                                                >
                                                            <input
                                                                        className="prompt"
                                                                        onChange={[Function]}
                                                                        placeholder="Add item..."
                                                                        type="text"
                                                                        value=""
                                                            />
                                                </div>
                                                <button
                                                            className="ui button"
                                                            disabled={true}
                                                            type="submit"
                                                >
                                                            Add item
                                                </button>
                                    </form>
                        </th>
            </tr>
</tfoot>,
        ],
        "className": "ui selectable structured large table",
      },
      "ref": null,
      "rendered": Array [
        Object {
          "instance": null,
          "key": undefined,
          "nodeType": "host",
          "props": Object {
            "children": <tr>
              <th>
                            Items
              </th>
</tr>,
          },
          "ref": null,
          "rendered": Object {
            "instance": null,
            "key": undefined,
            "nodeType": "host",
            "props": Object {
              "children": <th>
                Items
</th>,
            },
            "ref": null,
            "rendered": Object {
              "instance": null,
              "key": undefined,
              "nodeType": "host",
              "props": Object {
                "children": "Items",
              },
              "ref": null,
              "rendered": "Items",
              "type": "th",
            },
            "type": "tr",
          },
          "type": "thead",
        },
        Object {
          "instance": null,
          "key": undefined,
          "nodeType": "host",
          "props": Object {
            "children": Array [],
          },
          "ref": null,
          "rendered": Array [],
          "type": "tbody",
        },
        Object {
          "instance": null,
          "key": undefined,
          "nodeType": "host",
          "props": Object {
            "children": <tr>
              <th>
                            <form
                                          className="ui form"
                                          onSubmit={[Function]}
                            >
                                          <div
                                                        className="field"
                                          >
                                                        <input
                                                                      className="prompt"
                                                                      onChange={[Function]}
                                                                      placeholder="Add item..."
                                                                      type="text"
                                                                      value=""
                                                        />
                                          </div>
                                          <button
                                                        className="ui button"
                                                        disabled={true}
                                                        type="submit"
                                          >
                                                        Add item
                                          </button>
                            </form>
              </th>
</tr>,
          },
          "ref": null,
          "rendered": Object {
            "instance": null,
            "key": undefined,
            "nodeType": "host",
            "props": Object {
              "children": <th>
                <form
                                className="ui form"
                                onSubmit={[Function]}
                >
                                <div
                                                className="field"
                                >
                                                <input
                                                                className="prompt"
                                                                onChange={[Function]}
                                                                placeholder="Add item..."
                                                                type="text"
                                                                value=""
                                                />
                                </div>
                                <button
                                                className="ui button"
                                                disabled={true}
                                                type="submit"
                                >
                                                Add item
                                </button>
                </form>
</th>,
            },
            "ref": null,
            "rendered": Object {
              "instance": null,
              "key": undefined,
              "nodeType": "host",
              "props": Object {
                "children": <form
                  className="ui form"
                  onSubmit={[Function]}
>
                  <div
                                    className="field"
                  >
                                    <input
                                                      className="prompt"
                                                      onChange={[Function]}
                                                      placeholder="Add item..."
                                                      type="text"
                                                      value=""
                                    />
                  </div>
                  <button
                                    className="ui button"
                                    disabled={true}
                                    type="submit"
                  >
                                    Add item
                  </button>
</form>,
              },
              "ref": null,
              "rendered": Object {
                "instance": null,
                "key": undefined,
                "nodeType": "host",
                "props": Object {
                  "children": Array [
                    <div
                      className="field"
>
                      <input
                                            className="prompt"
                                            onChange={[Function]}
                                            placeholder="Add item..."
                                            type="text"
                                            value=""
                      />
</div>,
                    <button
                      className="ui button"
                      disabled={true}
                      type="submit"
>
                      Add item
</button>,
                  ],
                  "className": "ui form",
                  "onSubmit": [Function],
                },
                "ref": null,
                "rendered": Array [
                  Object {
                    "instance": null,
                    "key": undefined,
                    "nodeType": "host",
                    "props": Object {
                      "children": <input
                        className="prompt"
                        onChange={[Function]}
                        placeholder="Add item..."
                        type="text"
                        value=""
/>,
                      "className": "field",
                    },
                    "ref": null,
                    "rendered": Object {
                      "instance": null,
                      "key": undefined,
                      "nodeType": "host",
                      "props": Object {
                        "className": "prompt",
                        "onChange": [Function],
                        "placeholder": "Add item...",
                        "type": "text",
                        "value": "",
                      },
                      "ref": null,
                      "rendered": null,
                      "type": "input",
                    },
                    "type": "div",
                  },
                  Object {
                    "instance": null,
                    "key": undefined,
                    "nodeType": "host",
                    "props": Object {
                      "children": "Add item",
                      "className": "ui button",
                      "disabled": true,
                      "type": "submit",
                    },
                    "ref": null,
                    "rendered": "Add item",
                    "type": "button",
                  },
                ],
                "type": "form",
              },
              "type": "th",
            },
            "type": "tr",
          },
          "type": "tfoot",
        },
      ],
      "type": "table",
    },
    "type": "div",
  },
  Symbol(enzyme.__nodes__): Array [
    Object {
      "instance": null,
      "key": undefined,
      "nodeType": "host",
      "props": Object {
        "children": <table
          className="ui selectable structured large table"
>
          <thead>
                    <tr>
                              <th>
                                        Items
                              </th>
                    </tr>
          </thead>
          <tbody>
                    
          </tbody>
          <tfoot>
                    <tr>
                              <th>
                                        <form
                                                  className="ui form"
                                                  onSubmit={[Function]}
                                        >
                                                  <div
                                                            className="field"
                                                  >
                                                            <input
                                                                      className="prompt"
                                                                      onChange={[Function]}
                                                                      placeholder="Add item..."
                                                                      type="text"
                                                                      value=""
                                                            />
                                                  </div>
                                                  <button
                                                            className="ui button"
                                                            disabled={true}
                                                            type="submit"
                                                  >
                                                            Add item
                                                  </button>
                                        </form>
                              </th>
                    </tr>
          </tfoot>
</table>,
        "className": "ui text container",
        "id": "app",
      },
      "ref": null,
      "rendered": Object {
        "instance": null,
        "key": undefined,
        "nodeType": "host",
        "props": Object {
          "children": Array [
            <thead>
              <tr>
                            <th>
                                          Items
                            </th>
              </tr>
</thead>,
            <tbody>
              
</tbody>,
            <tfoot>
              <tr>
                            <th>
                                          <form
                                                        className="ui form"
                                                        onSubmit={[Function]}
                                          >
                                                        <div
                                                                      className="field"
                                                        >
                                                                      <input
                                                                                    className="prompt"
                                                                                    onChange={[Function]}
                                                                                    placeholder="Add item..."
                                                                                    type="text"
                                                                                    value=""
                                                                      />
                                                        </div>
                                                        <button
                                                                      className="ui button"
                                                                      disabled={true}
                                                                      type="submit"
                                                        >
                                                                      Add item
                                                        </button>
                                          </form>
                            </th>
              </tr>
</tfoot>,
          ],
          "className": "ui selectable structured large table",
        },
        "ref": null,
        "rendered": Array [
          Object {
            "instance": null,
            "key": undefined,
            "nodeType": "host",
            "props": Object {
              "children": <tr>
                <th>
                                Items
                </th>
</tr>,
            },
            "ref": null,
            "rendered": Object {
              "instance": null,
              "key": undefined,
              "nodeType": "host",
              "props": Object {
                "children": <th>
                  Items
</th>,
              },
              "ref": null,
              "rendered": Object {
                "instance": null,
                "key": undefined,
                "nodeType": "host",
                "props": Object {
                  "children": "Items",
                },
                "ref": null,
                "rendered": "Items",
                "type": "th",
              },
              "type": "tr",
            },
            "type": "thead",
          },
          Object {
            "instance": null,
            "key": undefined,
            "nodeType": "host",
            "props": Object {
              "children": Array [],
            },
            "ref": null,
            "rendered": Array [],
            "type": "tbody",
          },
          Object {
            "instance": null,
            "key": undefined,
            "nodeType": "host",
            "props": Object {
              "children": <tr>
                <th>
                                <form
                                                className="ui form"
                                                onSubmit={[Function]}
                                >
                                                <div
                                                                className="field"
                                                >
                                                                <input
                                                                                className="prompt"
                                                                                onChange={[Function]}
                                                                                placeholder="Add item..."
                                                                                type="text"
                                                                                value=""
                                                                />
                                                </div>
                                                <button
                                                                className="ui button"
                                                                disabled={true}
                                                                type="submit"
                                                >
                                                                Add item
                                                </button>
                                </form>
                </th>
</tr>,
            },
            "ref": null,
            "rendered": Object {
              "instance": null,
              "key": undefined,
              "nodeType": "host",
              "props": Object {
                "children": <th>
                  <form
                                    className="ui form"
                                    onSubmit={[Function]}
                  >
                                    <div
                                                      className="field"
                                    >
                                                      <input
                                                                        className="prompt"
                                                                        onChange={[Function]}
                                                                        placeholder="Add item..."
                                                                        type="text"
                                                                        value=""
                                                      />
                                    </div>
                                    <button
                                                      className="ui button"
                                                      disabled={true}
                                                      type="submit"
                                    >
                                                      Add item
                                    </button>
                  </form>
</th>,
              },
              "ref": null,
              "rendered": Object {
                "instance": null,
                "key": undefined,
                "nodeType": "host",
                "props": Object {
                  "children": <form
                    className="ui form"
                    onSubmit={[Function]}
>
                    <div
                                        className="field"
                    >
                                        <input
                                                            className="prompt"
                                                            onChange={[Function]}
                                                            placeholder="Add item..."
                                                            type="text"
                                                            value=""
                                        />
                    </div>
                    <button
                                        className="ui button"
                                        disabled={true}
                                        type="submit"
                    >
                                        Add item
                    </button>
</form>,
                },
                "ref": null,
                "rendered": Object {
                  "instance": null,
                  "key": undefined,
                  "nodeType": "host",
                  "props": Object {
                    "children": Array [
                      <div
                        className="field"
>
                        <input
                                                className="prompt"
                                                onChange={[Function]}
                                                placeholder="Add item..."
                                                type="text"
                                                value=""
                        />
</div>,
                      <button
                        className="ui button"
                        disabled={true}
                        type="submit"
>
                        Add item
</button>,
                    ],
                    "className": "ui form",
                    "onSubmit": [Function],
                  },
                  "ref": null,
                  "rendered": Array [
                    Object {
                      "instance": null,
                      "key": undefined,
                      "nodeType": "host",
                      "props": Object {
                        "children": <input
                          className="prompt"
                          onChange={[Function]}
                          placeholder="Add item..."
                          type="text"
                          value=""
/>,
                        "className": "field",
                      },
                      "ref": null,
                      "rendered": Object {
                        "instance": null,
                        "key": undefined,
                        "nodeType": "host",
                        "props": Object {
                          "className": "prompt",
                          "onChange": [Function],
                          "placeholder": "Add item...",
                          "type": "text",
                          "value": "",
                        },
                        "ref": null,
                        "rendered": null,
                        "type": "input",
                      },
                      "type": "div",
                    },
                    Object {
                      "instance": null,
                      "key": undefined,
                      "nodeType": "host",
                      "props": Object {
                        "children": "Add item",
                        "className": "ui button",
                        "disabled": true,
                        "type": "submit",
                      },
                      "ref": null,
                      "rendered": "Add item",
                      "type": "button",
                    },
                  ],
                  "type": "form",
                },
                "type": "th",
              },
              "type": "tr",
            },
            "type": "tfoot",
          },
        ],
        "type": "table",
      },
      "type": "div",
    },
  ],
  Symbol(enzyme.__options__): Object {
    "adapter": ReactSixteenAdapter {
      "options": Object {
        "enableComponentDidUpdateOnSetState": true,
      },
    },
  },
}
`;
